// Jest Snapshot v1, https://goo.gl/fbAQLP

exports[`renders correctly 1`] = `
<div>
  <div>
    <div>
      <div
        className="bm-overlay"
        onClick={[Function]}
        style={
          Object {
            "MozTransform": "translate3d(100%, 0, 0)",
            "MsTransform": "translate3d(100%, 0, 0)",
            "OTransform": "translate3d(100%, 0, 0)",
            "WebkitTransform": "translate3d(100%, 0, 0)",
            "background": "rgba(0, 0, 0, 0.3)",
            "height": "100%",
            "opacity": 0,
            "position": "fixed",
            "transform": "translate3d(100%, 0, 0)",
            "transition": "opacity 0.3s, transform 0s 0.3s",
            "width": "100%",
            "zIndex": 1000,
          }
        }
      />
      <div
        className="bm-menu-wrap"
        id=""
        style={
          Object {
            "MozTransform": "translate3d(-100%, 0, 0)",
            "MsTransform": "translate3d(-100%, 0, 0)",
            "OTransform": "translate3d(-100%, 0, 0)",
            "WebkitTransform": "translate3d(-100%, 0, 0)",
            "height": "100%",
            "position": "fixed",
            "right": "inherit",
            "transform": "translate3d(-100%, 0, 0)",
            "transition": "all 0.5s",
            "width": "300px",
            "zIndex": 1100,
          }
        }
      >
        <div
          className="bm-menu"
          style={
            Object {
              "boxSizing": "border-box",
              "height": "100%",
              "overflow": "auto",
            }
          }
        >
          <nav
            className="bm-item-list"
            style={
              Object {
                "height": "100%",
              }
            }
          >
            <div>
              <h1>
                SKRP 
                <a
                  href="https://github.com/it2901/Skrp"
                  rel="noopener noreferrer"
                  target="_blank"
                >
                  <i
                    aria-hidden="true"
                    className="github icon"
                    onClick={[Function]}
                  />
                </a>
              </h1>
              <div
                style={
                  Object {
                    "display": "flex",
                    "flexDirection": "column",
                  }
                }
              >
                <a
                  aria-current={null}
                  className="menu-item"
                  href="#/maps"
                  onClick={[Function]}
                >
                  <i
                    aria-hidden="true"
                    className="map marker alternate icon"
                    onClick={[Function]}
                  />
                  Map
                </a>
                <a
                  aria-current={null}
                  className="menu-item"
                  href="#/nodegraph"
                  onClick={[Function]}
                >
                  <i
                    aria-hidden="true"
                    className="sitemap icon"
                    onClick={[Function]}
                  />
                  Network graph
                </a>
                <a
                  aria-current={null}
                  className="menu-item"
                  href="#/log"
                  onClick={[Function]}
                >
                  <i
                    aria-hidden="true"
                    className="book icon"
                    onClick={[Function]}
                  />
                  Adaption log
                </a>
                <a
                  aria-current={null}
                  className="menu-item"
                  href="#/tweakinput"
                  onClick={[Function]}
                >
                  <i
                    aria-hidden="true"
                    className="settings icon"
                    onClick={[Function]}
                  />
                  Adjust parameters
                </a>
                <a
                  aria-current="page"
                  className="menu-item active"
                  href="#/"
                  onClick={[Function]}
                  style={Object {}}
                >
                  <i
                    aria-hidden="true"
                    className="info icon"
                    onClick={[Function]}
                  />
                  About
                </a>
              </div>
            </div>
          </nav>
        </div>
        <div
          style={Object {}}
        >
          <div
            className="bm-cross-button"
            style={
              Object {
                "height": 24,
                "position": "absolute",
                "right": 8,
                "top": 8,
                "width": 24,
              }
            }
          >
            <span
              style={
                Object {
                  "position": "absolute",
                  "right": "14px",
                  "top": "6px",
                }
              }
            >
              <span
                className="bm-cross"
                style={
                  Object {
                    "height": 14,
                    "position": "absolute",
                    "transform": "rotate(45deg)",
                    "width": 3,
                  }
                }
              />
              <span
                className="bm-cross"
                style={
                  Object {
                    "height": 14,
                    "position": "absolute",
                    "transform": "rotate(-45deg)",
                    "width": 3,
                  }
                }
              />
            </span>
            <button
              onClick={[Function]}
              style={
                Object {
                  "background": "transparent",
                  "border": "none",
                  "cursor": "pointer",
                  "fontSize": 0,
                  "height": "100%",
                  "left": 0,
                  "margin": 0,
                  "padding": 0,
                  "position": "absolute",
                  "top": 0,
                  "width": "100%",
                }
              }
              tabIndex={-1}
            >
              Close Menu
            </button>
          </div>
        </div>
      </div>
      <div
        style={Object {}}
      >
        <div
          className="bm-burger-button"
          style={
            Object {
              "zIndex": 1000,
            }
          }
        >
          <span>
            <span
              className="bm-burger-bars"
              style={
                Object {
                  "height": "20%",
                  "left": 0,
                  "opacity": 1,
                  "position": "absolute",
                  "right": 0,
                  "top": "0%",
                }
              }
            />
            <span
              className="bm-burger-bars"
              style={
                Object {
                  "height": "20%",
                  "left": 0,
                  "opacity": 1,
                  "position": "absolute",
                  "right": 0,
                  "top": "40%",
                }
              }
            />
            <span
              className="bm-burger-bars"
              style={
                Object {
                  "height": "20%",
                  "left": 0,
                  "opacity": 1,
                  "position": "absolute",
                  "right": 0,
                  "top": "80%",
                }
              }
            />
          </span>
          <button
            onClick={[Function]}
            onMouseOut={[Function]}
            onMouseOver={[Function]}
            style={
              Object {
                "background": "transparent",
                "border": "none",
                "cursor": "pointer",
                "fontSize": 0,
                "height": "100%",
                "left": 0,
                "margin": 0,
                "padding": 0,
                "position": "absolute",
                "top": 0,
                "width": "100%",
              }
            }
          >
            Open Menu
          </button>
        </div>
      </div>
    </div>
    <div
      className="SKRP"
    >
      <div>
        <div
          className="sc-bdVaJa kjxJpE"
          style={
            Object {
              "border": "none",
            }
          }
        >
          <h1
            style={
              Object {
                "textAlign": "center",
              }
            }
          >
            SKRP
          </h1>
          <br />
          <span>
            <p>
              localmain
            </p>
          </span>
        </div>
        <div
          className="sc-bdVaJa kjxJpE"
        >
          <h1
            style={
              Object {
                "textAlign": "center",
              }
            }
          >
            Frontend
          </h1>
          <br />
          <span>
            <p>
              localfrontend
            </p>
          </span>
        </div>
        <div
          className="sc-bdVaJa kjxJpE"
        >
          <h1
            style={
              Object {
                "textAlign": "center",
              }
            }
          >
            Backend
          </h1>
          <br />
          <span>
            <p>
              localbackend
            </p>
          </span>
        </div>
        <div
          className="sc-bdVaJa kjxJpE"
        >
          <h1
            style={
              Object {
                "textAlign": "center",
              }
            }
          >
            Client
          </h1>
          <br />
          <span>
            <p>
              localclient
            </p>
          </span>
        </div>
        <div
          className="sc-bdVaJa kjxJpE"
        >
          <h1
            style={
              Object {
                "textAlign": "center",
              }
            }
          >
            Mocker
          </h1>
          <br />
          <span>
            <p>
              localmocker
            </p>
          </span>
        </div>
        <div
          className="sc-bdVaJa kjxJpE"
          style={
            Object {
              "border": "none",
              "textAlign": "center",
            }
          }
        >
          <i>
             Used the 
             version of the docs
          </i>
        </div>
      </div>
    </div>
  </div>
</div>
`;
