// Jest Snapshot v1, https://goo.gl/fbAQLP

exports[`renders correctly 1`] = `
<div
  style={
    Object {
      "width": "100%",
    }
  }
>
  <img
    alt="Logo"
    src="test-file-stub"
    style={
      Object {
        "width": "100%",
      }
    }
  />
</div>
`;
